--suppress "MD5 password cleared because of role rename" messages
SET client_min_messages TO warning;
CREATE USER aaa PASSWORD 'DummY';
CREATE USER bbb;
LOAD 'credcheck';
--
--reset all settings
--
SET credcheck.username_min_length TO DEFAULT;
SET credcheck.username_min_special TO DEFAULT;
SET credcheck.username_min_upper TO DEFAULT;
SET credcheck.username_min_upper TO DEFAULT;
SET credcheck.username_min_digit TO DEFAULT;
SET credcheck.username_contain_password TO DEFAULT;
SET credcheck.username_ignore_case TO DEFAULT;
SET credcheck.username_contain TO DEFAULT;
SET credcheck.username_not_contain TO DEFAULT;
SET credcheck.username_min_repeat TO DEFAULT;
SET credcheck.password_min_length TO DEFAULT;
SET credcheck.password_min_special TO DEFAULT;
SET credcheck.password_min_upper TO DEFAULT;
SET credcheck.password_min_upper TO DEFAULT;
SET credcheck.password_min_digit TO DEFAULT;
SET credcheck.password_contain_username TO DEFAULT;
SET credcheck.password_ignore_case TO DEFAULT;
SET credcheck.password_contain TO DEFAULT;
SET credcheck.password_not_contain TO DEFAULT;
SET credcheck.password_min_repeat TO DEFAULT;
--
--length must be >=2
--
SET credcheck.username_min_length TO 2;
ALTER USER aaa RENAME TO b;
ERROR:  username length should match the configured credcheck.username_min_length
-- Check that renaiming a user without password also invoke the extension
ALTER USER bbb RENAME TO b;
ERROR:  username length should match the configured credcheck.username_min_length
DROP USER bbb;
CREATE USER b;
ERROR:  username length should match the configured credcheck.username_min_length
--
--min user repeat
--
SET credcheck.username_min_repeat TO 5;
ALTER USER aaa RENAME TO abbbaaaaaa;
ERROR:  username characters are repeated more than the configured credcheck.username_min_repeat times
--
--min special >= 1
--
SET credcheck.username_min_special TO 1;
ALTER USER aaa RENAME TO bbb;
ERROR:  username does not contain the configured credcheck.username_min_special characters
--
--min upper >=1
--
SET credcheck.username_min_upper TO 1;
ALTER USER aaa RENAME TO "b$bb";
ERROR:  username does not contain the configured credcheck.username_min_upper characters
--
--min lower >=2
--
SET credcheck.username_min_lower TO 1;
ALTER USER aaa RENAME TO "B$BB";
ERROR:  username does not contain the configured credcheck.username_min_lower characters
--
--must contain one of the characters 'a','b','c'
--
SET credcheck.username_contain TO 'a,b,c';
ALTER USER aaa RENAME TO "d$eF";
ERROR:  username does not contain the configured credcheck.username_contain characters
--
--must not contain one of the characters 'x','z'
--
SET credcheck.username_not_contain TO 'x,z';
ALTER USER aaa RENAME TO "a$exF";
ERROR:  username contains the configured credcheck.username_not_contain unauthorized characters
--
--min digit >=1
--
SET credcheck.username_min_digit TO 1;
ALTER USER aaa RENAME TO "a$eFD";
ERROR:  username does not contain the configured credcheck.username_min_digit characters
DROP USER aaa;
