CREATE USER aaa PASSWORD 'DummY';
LOAD 'credcheck';
--
--reset all settings
--
SET credcheck.username_min_length TO DEFAULT;
SET credcheck.username_min_special TO DEFAULT;
SET credcheck.username_min_upper TO DEFAULT;
SET credcheck.username_min_upper TO DEFAULT;
SET credcheck.username_min_digit TO DEFAULT;
SET credcheck.username_contain_password TO DEFAULT;
SET credcheck.username_ignore_case TO DEFAULT;
SET credcheck.username_contain TO DEFAULT;
SET credcheck.username_not_contain TO DEFAULT;
SET credcheck.username_min_repeat TO DEFAULT;
SET credcheck.password_min_length TO DEFAULT;
SET credcheck.password_min_special TO DEFAULT;
SET credcheck.password_min_upper TO DEFAULT;
SET credcheck.password_min_upper TO DEFAULT;
SET credcheck.password_min_digit TO DEFAULT;
SET credcheck.password_contain_username TO DEFAULT;
SET credcheck.password_ignore_case TO DEFAULT;
SET credcheck.password_contain TO DEFAULT;
SET credcheck.password_not_contain TO DEFAULT;
SET credcheck.password_min_repeat TO DEFAULT;
--password checks
--
--length must be >=2
--
SET credcheck.password_min_length TO 2;
ALTER USER aaa PASSWORD 'd';
ERROR:  password length should match the configured credcheck.password_min_length
--
--min special >= 1
--
SET credcheck.password_min_special TO 1;
ALTER USER aaa PASSWORD 'dd';
ERROR:  password does not contain the configured credcheck.password_min_special characters
--
--min upper >=1
--
SET credcheck.password_min_upper TO 1;
ALTER USER aaa PASSWORD 'dd$';
ERROR:  password does not contain the configured credcheck.password_min_upper characters
--
--min lower >=2
--
SET credcheck.password_min_lower TO 1;
ALTER USER aaa PASSWORD 'DD$';
ERROR:  password does not contain the configured credcheck.password_min_lower characters
--
--must contain one of the characters 'a','b','c'
--
SET credcheck.password_contain TO 'a,b,c';
ALTER USER aaa PASSWORD 'DD$d';
ERROR:  password does not contain the configured credcheck.password_contain characters
--
--must not contain one of the characters 'x','z'
--
SET credcheck.password_not_contain TO 'x,z';
ALTER USER aaa PASSWORD 'DD$dx';
ERROR:  password does not contain the configured credcheck.password_contain characters
--
-- password contain username
--
SET credcheck.password_contain_username TO on;
ALTER USER aaa PASSWORD 'DD$dxaaa';
ERROR:  password should not contain username
--
--ignore case while performing checks
--
SET credcheck.password_ignore_case TO on;
ALTER USER aaa PASSWORD 'DD$dxAAA';
ERROR:  password should not contain username
--
--min digit >=1
--
SET credcheck.password_min_digit TO 1;
ALTER USER aaa PASSWORD 'DD$dA';
ERROR:  password does not contain the configured credcheck.password_min_digit characters
--
--min password repeat 2
--
SET credcheck.password_min_repeat TO 2;
ALTER USER aaa PASSWORD 'DD$dccc1';
ERROR:  password characters are repeated more than the configured credcheck.password_min_repeat times
DROP USER aaa;
