LOAD 'credcheck';
--
--reset all settings
--
SET credcheck.username_min_length TO DEFAULT;
SET credcheck.username_min_special TO DEFAULT;
SET credcheck.username_min_upper TO DEFAULT;
SET credcheck.username_min_upper TO DEFAULT;
SET credcheck.username_min_digit TO DEFAULT;
SET credcheck.username_contain_password TO DEFAULT;
SET credcheck.username_ignore_case TO DEFAULT;
SET credcheck.username_contain TO DEFAULT;
SET credcheck.username_not_contain TO DEFAULT;
SET credcheck.username_min_repeat TO DEFAULT;
SET credcheck.password_min_length TO DEFAULT;
SET credcheck.password_min_special TO DEFAULT;
SET credcheck.password_min_upper TO DEFAULT;
SET credcheck.password_min_upper TO DEFAULT;
SET credcheck.password_min_digit TO DEFAULT;
SET credcheck.password_contain_username TO DEFAULT;
SET credcheck.password_ignore_case TO DEFAULT;
SET credcheck.password_contain TO DEFAULT;
SET credcheck.password_not_contain TO DEFAULT;
SET credcheck.password_min_repeat TO DEFAULT;
SET credcheck.password_reuse_history = 0;
SET credcheck.password_reuse_interval = 0;
-- VALID UNTIL clause checks
SET credcheck.password_valid_until TO 4;
SET credcheck.password_valid_max TO 0;
-- fail, the VALID UNTIL clause must be present
CREATE USER aaa PASSWORD 'DummY';
ERROR:  require a VALID UNTIL option
-- Success, the VALID UNTIL clause is present and respect the delay
CREATE USER aaa PASSWORD 'DummY' VALID UNTIL '2050-01-01 00:00:00';
-- fail, the VALID UNTIL clause does not respect the delay
ALTER USER aaa PASSWORD 'DummY2' VALID UNTIL '2022-01-01 00:00:00';
ERROR:  the VALID UNTIL option must have a date older than 4 days
SET credcheck.password_valid_max TO 180;
-- fail, the VALID UNTIL clause can not exceed a maximum of 180 days
ALTER USER aaa PASSWORD 'DummY2' VALID UNTIL '2050-01-01 00:00:00';
ERROR:  the VALID UNTIL option must NOT have a date beyond 180 days
-- Clear the user
DROP USER aaa;
-- fail, the VALID UNTIL clause can not exceed a maximum of 180 days
CREATE USER aaa PASSWORD 'DummY2' VALID UNTIL '2050-01-01 00:00:00';
ERROR:  require a VALID UNTIL option with a date beyond 180 days
SET credcheck.password_valid_until to 60;
SET credcheck.password_reuse_interval to 15;
SET credcheck.password_reuse_history to 4;
CREATE role credcheck_test with login password 'password'; 
ERROR:  require a VALID UNTIL option
-- History must be empty
SELECT count(*), '0' AS "expected" FROM pg_password_history ;
 count | expected 
-------+----------
     0 | 0
(1 row)

